create table bm_test (a int4, b int4);
NOTICE:  Table doesn't have 'DISTRIBUTED BY' clause -- Using column named 'a' as the Greenplum Database data distribution key for this table.
HINT:  The 'DISTRIBUTED BY' clause determines the distribution of data. Make sure column(s) chosen are the optimal data distribution key to minimize skew.
create index bm_b_idx on bm_test using bitmap(b);
insert into bm_test select i, i from generate_series(1,100000)i; 
update bm_test set b=(random()*100)::int;
checkpoint;
update bm_test set b=(random()*100)::int;
drop table bm_test;
-- start_ignore
\! pkill postgres
\! gpstart -a
-- end_ignore
